This is XeTeX, Version 3.141592653-2.6-0.999997 (MiKTeX 25.12) (preloaded format=xelatex 2026.4.16)  20 APR 2026 20:19
entering extended mode
 restricted \write18 enabled.
 file:line:error style messages enabled.
 %&-line parsing enabled.
**" d:\ziliao\毕业设计\quanbu\论文相关\源文件\论文.tex\ ^^@

! Emergency stop.
<to be read again> 
                   \ 
<*> " d:\ziliao\毕业设计\quanbu\论文相关\源文件\论文.tex\ 
                                             ^^@
*** (job aborted, file error in nonstop mode)

 
Here is how much of TeX's memory you used:
 2 strings out of 402986
 13 string characters out of 5446847
 426385 words of memory out of 5000000
 28801 multiletter control sequences out of 15000+600000
 627721 words of font info for 40 fonts, out of 8000000 for 9000
 1348 hyphenation exceptions out of 8191
 1i,0n,0p,1b,6s stack positions out of 10000i,1000n,20000p,200000b,200000s
No pages of output.
