\BOOKMARK [0][-]{toc.0}{\376\377\166\356\137\125}{}% 1
\BOOKMARK [0][-]{section*.2}{\376\377\144\130\211\201}{}% 2
\BOOKMARK [0][-]{section*.3}{\376\377\202\361\145\207\144\130\211\201}{}% 3
\BOOKMARK [0][-]{chapter.1}{\376\377\176\352\213\272}{}% 4
\BOOKMARK [1][-]{section.1.1}{\376\377\170\024\172\166\200\314\146\157\116\016\141\017\116\111}{chapter.1}% 5
\BOOKMARK [1][-]{section.1.2}{\376\377\126\375\121\205\131\026\170\024\172\166\163\260\162\266}{chapter.1}% 6
\BOOKMARK [1][-]{section.1.3}{\376\377\170\024\172\166\166\356\150\007\116\016\116\073\211\201\121\205\133\271}{chapter.1}% 7
\BOOKMARK [1][-]{section.1.4}{\376\377\213\272\145\207\176\323\147\204\133\211\143\222}{chapter.1}% 8
\BOOKMARK [0][-]{chapter.2}{\376\377\174\373\176\337\140\073\117\123\145\271\150\110\213\276\213\241}{}% 9
\BOOKMARK [1][-]{section.2.1}{\376\377\174\373\176\337\227\000\154\102\122\006\147\220}{chapter.2}% 10
\BOOKMARK [2][-]{subsection.2.1.1}{\376\377\122\237\200\375\227\000\154\102}{section.2.1}% 11
\BOOKMARK [2][-]{subsection.2.1.2}{\376\377\140\047\200\375\227\000\154\102}{section.2.1}% 12
\BOOKMARK [2][-]{subsection.2.1.3}{\376\377\135\345\172\013\176\246\147\137}{section.2.1}% 13
\BOOKMARK [1][-]{section.2.2}{\376\377\174\373\176\337\140\073\117\123\147\266\147\204}{chapter.2}% 14
\BOOKMARK [1][-]{section.2.3}{\376\377\123\125\202\257\162\107\143\247\122\066\147\266\147\204\213\276\213\241}{chapter.2}% 15
\BOOKMARK [2][-]{subsection.2.3.1}{\376\377\122\237\200\375\122\006\135\345}{section.2.3}% 16
\BOOKMARK [2][-]{subsection.2.3.2}{\376\377\215\104\156\220\122\006\221\115}{section.2.3}% 17
\BOOKMARK [1][-]{section.2.4}{\376\377\174\373\176\337\135\345\117\134\155\101\172\013}{chapter.2}% 18
\BOOKMARK [2][-]{subsection.2.4.1}{\376\377\116\012\165\065\124\057\122\250\155\101\172\013}{section.2.4}% 19
\BOOKMARK [2][-]{subsection.2.4.2}{\376\377\134\105\133\266\000/\136\003\226\062\000/\136\224\140\045\155\101\172\013}{section.2.4}% 20
\BOOKMARK [1][-]{section.2.5}{\376\377\121\163\225\056\142\200\147\057\220\011\127\213}{chapter.2}% 21
\BOOKMARK [2][-]{subsection.2.5.1}{\376\377\143\247\122\066\126\150\377\032\000S\000T\000M\0003\0002\000F\0001\0000\0003\000R\000C\000T\0006}{section.2.5}% 22
\BOOKMARK [2][-]{subsection.2.5.2}{\376\377\174\373\176\337\377\032\000F\000r\000e\000e\000R\000T\000O\000S}{section.2.5}% 23
\BOOKMARK [2][-]{subsection.2.5.3}{\376\377\220\032\117\341\377\032\000M\000Q\000T\000T}{section.2.5}% 24
\BOOKMARK [2][-]{subsection.2.5.4}{\376\377\122\240\133\306\377\032\000A\000E\000S\000-\0001\0002\0008\060\001\000T\000L\000S}{section.2.5}% 25
\BOOKMARK [1][-]{section.2.6}{\376\377\147\054\172\340\134\017\176\323}{chapter.2}% 26
\BOOKMARK [0][-]{chapter.3}{\376\377\174\373\176\337\170\154\116\366\213\276\213\241}{}% 27
\BOOKMARK [1][-]{section.3.1}{\376\377\170\154\116\366\140\073\117\123\213\276\213\241}{chapter.3}% 28
\BOOKMARK [1][-]{section.3.2}{\376\377\116\073\143\247\147\000\134\017\174\373\176\337\213\276\213\241}{chapter.3}% 29
\BOOKMARK [2][-]{subsection.3.2.1}{\376\377\116\073\143\247\123\273\200\046\116\016\145\366\224\237\172\063\133\232\213\276\213\241}{section.3.2}% 30
\BOOKMARK [1][-]{section.3.3}{\376\377\141\037\167\345\134\102\152\041\127\127\213\276\213\241}{chapter.3}% 31
\BOOKMARK [2][-]{subsection.3.3.1}{\376\377\000A\000S\0006\0000\0008\143\007\176\271\152\041\127\127}{section.3.3}% 32
\BOOKMARK [2][-]{subsection.3.3.2}{\376\377\000H\000C\000-\000S\000R\0005\0000\0001\116\272\117\123\176\242\131\026}{section.3.3}% 33
\BOOKMARK [2][-]{subsection.3.3.3}{\376\377\000D\000H\000T\0002\0002\156\051\156\177\136\246}{section.3.3}% 34
\BOOKMARK [2][-]{subsection.3.3.4}{\376\377\000M\000Q\000-\0002\160\337\226\376}{section.3.3}% 35
\BOOKMARK [2][-]{subsection.3.3.5}{\376\377\000O\000V\0007\0006\0007\0000\144\104\120\317\131\064\000+\000F\000I\000F\000O}{section.3.3}% 36
\BOOKMARK [1][-]{section.3.4}{\376\377\142\147\210\114\134\102\232\161\122\250\213\276\213\241}{chapter.3}% 37
\BOOKMARK [2][-]{subsection.3.4.1}{\376\377\176\347\165\065\126\150\377\010\225\350\225\001\000/\161\303\154\024\377\011}{section.3.4}% 38
\BOOKMARK [2][-]{subsection.3.4.2}{\376\377\207\002\236\043\126\150\124\112\213\146}{section.3.4}% 39
\BOOKMARK [1][-]{section.3.5}{\376\377\147\177\121\205\143\245\123\343\116\016\116\062\123\343\220\032\117\341\213\276\213\241}{chapter.3}% 40
\BOOKMARK [2][-]{subsection.3.5.1}{\376\377\000E\000S\000P\000-\0000\0001\000S\377\010\000E\000S\000P\0008\0002\0006\0006\377\011\000W\000i\000F\000i\200\124\177\121\152\041\127\127}{section.3.5}% 41
\BOOKMARK [2][-]{subsection.3.5.2}{\376\377\000S\000D\123\141\133\130\120\250\152\041\127\127}{section.3.5}% 42
\BOOKMARK [1][-]{section.3.6}{\376\377\165\065\156\220\173\241\164\006\174\373\176\337\213\276\213\241}{chapter.3}% 43
\BOOKMARK [1][-]{section.3.7}{\376\377\170\154\116\366\214\003\213\325}{chapter.3}% 44
\BOOKMARK [1][-]{section.3.8}{\376\377\147\054\172\340\134\017\176\323}{chapter.3}% 45
\BOOKMARK [0][-]{chapter.4}{\376\377\174\373\176\337\217\157\116\366\213\276\213\241}{}% 46
\BOOKMARK [1][-]{section.4.1}{\376\377\217\157\116\366\137\000\123\321\163\257\130\203}{chapter.4}% 47
\BOOKMARK [1][-]{section.4.2}{\376\377\217\157\116\366\147\266\147\204}{chapter.4}% 48
\BOOKMARK [2][-]{subsection.4.2.1}{\376\377\116\373\122\241\130\006\150\010\131\047\134\017\166\204\117\060\173\227\117\235\143\156}{section.4.2}% 49
\BOOKMARK [2][-]{subsection.4.2.2}{\376\377\116\373\122\241\225\364\220\032\117\341\116\016\124\014\153\145\147\072\122\066}{section.4.2}% 50
\BOOKMARK [2][-]{subsection.4.2.3}{\376\377\116\064\165\114\123\072\117\335\142\244\116\016\000I\000S\000R\133\211\121\150\143\245\123\343}{section.4.2}% 51
\BOOKMARK [1][-]{section.4.3}{\376\377\210\370\147\072\217\156\213\342\116\016\116\055\145\255\215\357\137\204}{chapter.4}% 52
\BOOKMARK [1][-]{section.4.4}{\376\377\136\225\134\102\232\161\122\250\137\000\123\321}{chapter.4}% 53
\BOOKMARK [1][-]{section.4.5}{\376\377\150\070\137\303\143\247\122\066\220\073\217\221}{chapter.4}% 54
\BOOKMARK [2][-]{subsection.4.5.1}{\376\377\225\350\171\201\232\214\213\301\220\073\217\221}{section.4.5}% 55
\BOOKMARK [2][-]{subsection.4.5.2}{\376\377\133\211\226\062\124\112\213\146\220\073\217\221}{section.4.5}% 56
\BOOKMARK [2][-]{subsection.4.5.3}{\376\377\163\257\130\203\166\321\155\113\116\016\200\124\122\250}{section.4.5}% 57
\BOOKMARK [2][-]{subsection.4.5.4}{\376\377\127\072\146\157\200\124\122\250\220\073\217\221}{section.4.5}% 58
\BOOKMARK [2][-]{subsection.4.5.5}{\376\377\000H\000C\000-\000S\000R\0005\0000\0001\215\335\171\273\150\041\121\306\060\001\213\357\211\346\123\321\142\221\122\066\116\016\200\124\124\010\122\044\133\232}{section.4.5}% 59
\BOOKMARK [2][-]{subsection.4.5.6}{\376\377\131\032\117\040\141\037\126\150\207\215\124\010\166\204\133\211\226\062\116\213\116\366\122\044\133\232\173\227\154\325}{section.4.5}% 60
\BOOKMARK [1][-]{section.4.6}{\376\377\116\062\123\343\116\016\000M\000Q\000T\000T\145\160\143\156\123\117\213\256\213\276\213\241}{chapter.4}% 61
\BOOKMARK [2][-]{subsection.4.6.1}{\376\377\136\047\150\074\137\017}{section.4.6}% 62
\BOOKMARK [2][-]{subsection.4.6.2}{\376\377\143\007\116\344\226\306}{section.4.6}% 63
\BOOKMARK [2][-]{subsection.4.6.3}{\376\377\000M\000Q\000T\000T\116\073\230\230\116\016\155\210\140\157\213\276\213\241}{section.4.6}% 64
\BOOKMARK [2][-]{subsection.4.6.4}{\376\377\150\041\232\214\116\016\133\271\225\031}{section.4.6}% 65
\BOOKMARK [1][-]{section.4.7}{\376\377\121\163\225\056\145\366\136\217\213\276\213\241}{chapter.4}% 66
\BOOKMARK [2][-]{subsection.4.7.1}{\376\377\116\373\122\241\124\150\147\037\116\016\117\030\121\110\176\247\123\117\124\014}{section.4.7}% 67
\BOOKMARK [2][-]{subsection.4.7.2}{\376\377\116\055\145\255\116\016\217\156\213\342\166\204\217\271\165\114\213\276\213\241}{section.4.7}% 68
\BOOKMARK [2][-]{subsection.4.7.3}{\376\377\177\023\121\262\123\072\116\016\145\160\143\156\116\000\201\364\140\047\143\247\122\066}{section.4.7}% 69
\BOOKMARK [2][-]{subsection.4.7.4}{\376\377\145\105\226\234\226\115\176\247\116\016\140\142\131\015\147\072\122\066}{section.4.7}% 70
\BOOKMARK [1][-]{section.4.8}{\376\377\177\121\176\334\116\016\133\211\121\150\147\072\122\066}{chapter.4}% 71
\BOOKMARK [2][-]{subsection.4.8.1}{\376\377\000W\000i\000F\000i\116\016\000M\000Q\000T\000T}{section.4.8}% 72
\BOOKMARK [2][-]{subsection.4.8.2}{\376\377\000A\000E\000S\000-\0001\0002\0008\122\240\133\306\133\130\120\250}{section.4.8}% 73
\BOOKMARK [2][-]{subsection.4.8.3}{\376\377\000T\000L\000S\117\040\217\223\122\240\133\306}{section.4.8}% 74
\BOOKMARK [1][-]{section.4.9}{\376\377\147\054\172\340\134\017\176\323}{chapter.4}% 75
\BOOKMARK [0][-]{chapter.5}{\376\377\171\373\122\250\172\357\116\244\116\222\213\276\213\241\116\016\133\236\163\260}{}% 76
\BOOKMARK [1][-]{section.5.1}{\376\377\171\373\122\250\172\357\227\000\154\102\122\006\147\220}{chapter.5}% 77
\BOOKMARK [1][-]{section.5.2}{\376\377\171\373\122\250\172\357\140\073\117\123\147\266\147\204}{chapter.5}% 78
\BOOKMARK [1][-]{section.5.3}{\376\377\165\050\142\067\165\114\227\142\213\276\213\241}{chapter.5}% 79
\BOOKMARK [1][-]{section.5.4}{\376\377\220\032\117\341\152\041\127\127}{chapter.5}% 80
\BOOKMARK [1][-]{section.5.5}{\376\377\150\070\137\303\122\237\200\375\133\236\163\260}{chapter.5}% 81
\BOOKMARK [2][-]{subsection.5.5.1}{\376\377\217\334\172\013\143\247\122\066}{section.5.5}% 82
\BOOKMARK [2][-]{subsection.5.5.2}{\376\377\162\266\140\001\166\321\143\247}{section.5.5}% 83
\BOOKMARK [2][-]{subsection.5.5.3}{\376\377\142\223\142\315\200\124\122\250}{section.5.5}% 84
\BOOKMARK [2][-]{subsection.5.5.4}{\376\377\126\376\162\107\147\345\167\013}{section.5.5}% 85
\BOOKMARK [1][-]{section.5.6}{\376\377\147\054\172\340\134\017\176\323}{chapter.5}% 86
\BOOKMARK [0][-]{chapter.6}{\376\377\174\373\176\337\155\113\213\325\116\016\176\323\147\234\122\006\147\220}{}% 87
\BOOKMARK [1][-]{section.6.1}{\376\377\155\113\213\325\163\257\130\203\116\016\145\271\150\110}{chapter.6}% 88
\BOOKMARK [1][-]{section.6.2}{\376\377\123\125\121\103\122\237\200\375\155\113\213\325}{chapter.6}% 89
\BOOKMARK [1][-]{section.6.3}{\376\377\174\373\176\337\200\124\122\250\155\113\213\325}{chapter.6}% 90
\BOOKMARK [2][-]{subsection.6.3.1}{\376\377\225\350\171\201\200\124\122\250}{section.6.3}% 91
\BOOKMARK [2][-]{subsection.6.3.2}{\376\377\121\145\117\265\124\112\213\146}{section.6.3}% 92
\BOOKMARK [2][-]{subsection.6.3.3}{\376\377\161\303\154\024\136\224\140\045}{section.6.3}% 93
\BOOKMARK [2][-]{subsection.6.3.4}{\376\377\217\334\172\013\143\247\122\066}{section.6.3}% 94
\BOOKMARK [2][-]{subsection.6.3.5}{\376\377\200\124\122\250\155\113\213\325\176\323\147\234\122\006\147\220}{section.6.3}% 95
\BOOKMARK [1][-]{section.6.4}{\376\377\140\047\200\375\143\007\150\007\155\113\213\325}{chapter.6}% 96
\BOOKMARK [2][-]{subsection.6.4.1}{\376\377\121\306\170\156\163\207\116\016\213\357\142\245\163\207}{section.6.4}% 97
\BOOKMARK [2][-]{subsection.6.4.2}{\376\377\124\315\136\224\136\366\217\337}{section.6.4}% 98
\BOOKMARK [2][-]{subsection.6.4.3}{\376\377\122\237\200\027}{section.6.4}% 99
\BOOKMARK [2][-]{subsection.6.4.4}{\376\377\126\376\120\317\117\040\217\223}{section.6.4}% 100
\BOOKMARK [2][-]{subsection.6.4.5}{\376\377\140\047\200\375\155\113\213\325\213\250\213\272}{section.6.4}% 101
\BOOKMARK [1][-]{section.6.5}{\376\377\172\063\133\232\140\047\155\113\213\325}{chapter.6}% 102
\BOOKMARK [1][-]{section.6.6}{\376\377\137\002\136\070\135\345\121\265\116\016\234\201\150\322\140\047\155\113\213\325}{chapter.6}% 103
\BOOKMARK [1][-]{section.6.7}{\376\377\155\113\213\325\176\323\213\272\116\016\117\030\123\026}{chapter.6}% 104
\BOOKMARK [1][-]{section.6.8}{\376\377\213\357\135\356\147\145\156\220\116\016\123\357\117\341\136\246\122\006\147\220}{chapter.6}% 105
\BOOKMARK [2][-]{subsection.6.8.1}{\376\377\221\315\131\015\213\325\232\214\116\016\150\067\147\054\116\343\210\150\140\047}{section.6.8}% 106
\BOOKMARK [2][-]{subsection.6.8.2}{\376\377\176\337\213\241\143\007\150\007\220\011\142\351\116\016\134\100\226\120}{section.6.8}% 107
\BOOKMARK [2][-]{subsection.6.8.3}{\376\377\176\323\147\234\123\357\117\341\136\246\143\320\123\107\173\126\165\145}{section.6.8}% 108
\BOOKMARK [2][-]{subsection.6.8.4}{\376\377\213\357\135\356\117\356\153\143\143\252\145\275}{section.6.8}% 109
\BOOKMARK [1][-]{section.6.9}{\376\377\147\054\172\340\134\017\176\323}{chapter.6}% 110
\BOOKMARK [0][-]{chapter.7}{\376\377\140\073\176\323\116\016\134\125\147\033}{}% 111
\BOOKMARK [1][-]{section.7.1}{\376\377\121\150\145\207\135\345\117\134\140\073\176\323}{chapter.7}% 112
\BOOKMARK [1][-]{section.7.2}{\376\377\116\016\122\115\145\207\172\340\202\202\166\204\133\371\136\224\140\073\176\323}{chapter.7}% 113
\BOOKMARK [1][-]{section.7.3}{\376\377\122\033\145\260\160\271\116\016\117\030\122\277}{chapter.7}% 114
\BOOKMARK [1][-]{section.7.4}{\376\377\116\015\215\263\116\016\145\071\217\333\145\271\124\021}{chapter.7}% 115
\BOOKMARK [1][-]{section.7.5}{\376\377\147\052\147\145\134\125\147\033}{chapter.7}% 116
\BOOKMARK [1][-]{section.7.6}{\376\377\147\054\172\340\134\017\176\323}{chapter.7}% 117
\BOOKMARK [0][-]{section.7.6}{\376\377\123\302\200\003\145\207\163\056}{}% 118
\BOOKMARK [0][-]{chapter*.66}{\376\377\201\364\214\042}{}% 119
\BOOKMARK [0][-]{appendix.A}{\376\377\226\104\137\125}{}% 120
\BOOKMARK [1][-]{section.A.1}{\376\377\174\373\176\337\123\237\164\006\126\376}{appendix.A}% 121
\BOOKMARK [1][-]{section.A.2}{\376\377\150\070\137\303\116\343\170\001}{appendix.A}% 122
\BOOKMARK [1][-]{section.A.3}{\376\377\133\236\162\151\126\376}{appendix.A}% 123
