\BOOKMARK [0][-]{chapter.1}{\376\377\176\352\213\272}{}% 1
\BOOKMARK [1][-]{section.1.1}{\376\377\170\024\172\166\200\314\146\157\116\016\141\017\116\111}{chapter.1}% 2
\BOOKMARK [1][-]{section.1.2}{\376\377\126\375\121\205\131\026\170\024\172\166\163\260\162\266}{chapter.1}% 3
\BOOKMARK [1][-]{section.1.3}{\376\377\170\024\172\166\166\356\150\007\116\016\116\073\211\201\121\205\133\271}{chapter.1}% 4
\BOOKMARK [1][-]{section.1.4}{\376\377\213\272\145\207\176\323\147\204\133\211\143\222}{chapter.1}% 5
\BOOKMARK [0][-]{chapter.2}{\376\377\174\373\176\337\140\073\117\123\145\271\150\110\213\276\213\241}{}% 6
\BOOKMARK [1][-]{section.2.1}{\376\377\174\373\176\337\227\000\154\102\122\006\147\220}{chapter.2}% 7
\BOOKMARK [2][-]{subsection.2.1.1}{\376\377\122\237\200\375\227\000\154\102}{section.2.1}% 8
\BOOKMARK [2][-]{subsection.2.1.2}{\376\377\140\047\200\375\227\000\154\102}{section.2.1}% 9
\BOOKMARK [2][-]{subsection.2.1.3}{\376\377\135\345\172\013\176\246\147\137}{section.2.1}% 10
\BOOKMARK [1][-]{section.2.2}{\376\377\174\373\176\337\140\073\117\123\147\266\147\204\377\010\126\333\134\102\147\266\147\204\377\011}{chapter.2}% 11
\BOOKMARK [1][-]{section.2.3}{\376\377\123\125\202\257\162\107\143\247\122\066\147\266\147\204\213\276\213\241}{chapter.2}% 12
\BOOKMARK [2][-]{subsection.2.3.1}{\376\377\122\237\200\375\122\006\135\345}{section.2.3}% 13
\BOOKMARK [2][-]{subsection.2.3.2}{\376\377\215\104\156\220\122\006\221\115}{section.2.3}% 14
\BOOKMARK [1][-]{section.2.4}{\376\377\174\373\176\337\135\345\117\134\155\101\172\013}{chapter.2}% 15
\BOOKMARK [2][-]{subsection.2.4.1}{\376\377\116\012\165\065\124\057\122\250\155\101\172\013}{section.2.4}% 16
\BOOKMARK [2][-]{subsection.2.4.2}{\376\377\134\105\133\266\000/\136\003\226\062\000/\136\224\140\045\155\101\172\013}{section.2.4}% 17
\BOOKMARK [1][-]{section.2.5}{\376\377\121\163\225\056\142\200\147\057\220\011\127\213}{chapter.2}% 18
\BOOKMARK [2][-]{subsection.2.5.1}{\376\377\143\247\122\066\126\150\377\032\000S\000T\000M\0003\0002\000F\0001\0000\0003\000R\000C\000T\0006}{section.2.5}% 19
\BOOKMARK [2][-]{subsection.2.5.2}{\376\377\174\373\176\337\377\032\000F\000r\000e\000e\000R\000T\000O\000S}{section.2.5}% 20
\BOOKMARK [2][-]{subsection.2.5.3}{\376\377\220\032\117\341\377\032\000M\000Q\000T\000T}{section.2.5}% 21
\BOOKMARK [2][-]{subsection.2.5.4}{\376\377\122\240\133\306\377\032\000A\000E\000S\000-\0001\0002\0008\060\001\000T\000L\000S}{section.2.5}% 22
\BOOKMARK [1][-]{section.2.6}{\376\377\213\272\145\207\143\322\126\376\060\001\210\150\150\074\116\016\121\154\137\017}{chapter.2}% 23
\BOOKMARK [0][-]{chapter.3}{\376\377\174\373\176\337\170\154\116\366\213\276\213\241}{}% 24
\BOOKMARK [1][-]{section.3.1}{\376\377\170\154\116\366\140\073\117\123\213\276\213\241}{chapter.3}% 25
\BOOKMARK [1][-]{section.3.2}{\376\377\116\073\143\247\147\000\134\017\174\373\176\337\213\276\213\241}{chapter.3}% 26
\BOOKMARK [1][-]{section.3.3}{\376\377\141\037\167\345\134\102\152\041\127\127\213\276\213\241}{chapter.3}% 27
\BOOKMARK [2][-]{subsection.3.3.1}{\376\377\000A\000S\0006\0000\0008\143\007\176\271\152\041\127\127}{section.3.3}% 28
\BOOKMARK [2][-]{subsection.3.3.2}{\376\377\000H\000C\000-\000S\000R\0005\0000\0001\116\272\117\123\176\242\131\026}{section.3.3}% 29
\BOOKMARK [2][-]{subsection.3.3.3}{\376\377\000D\000H\000T\0001\0001\000/\0002\0002\156\051\156\177\136\246}{section.3.3}% 30
\BOOKMARK [2][-]{subsection.3.3.4}{\376\377\000M\000Q\000-\0002\160\337\226\376}{section.3.3}% 31
\BOOKMARK [2][-]{subsection.3.3.5}{\376\377\000O\000V\0007\0006\0007\0000\144\104\120\317\131\064\000+\000F\000I\000F\000O}{section.3.3}% 32
\BOOKMARK [1][-]{section.3.4}{\376\377\142\147\210\114\134\102\232\161\122\250\213\276\213\241}{chapter.3}% 33
\BOOKMARK [2][-]{subsection.3.4.1}{\376\377\176\347\165\065\126\150\377\010\225\350\225\001\000/\161\303\154\024\377\011}{section.3.4}% 34
\BOOKMARK [2][-]{subsection.3.4.2}{\376\377\207\002\236\043\126\150\142\245\213\146}{section.3.4}% 35
\BOOKMARK [1][-]{section.3.5}{\376\377\147\177\121\205\143\245\123\343\116\016\116\062\123\343\220\032\117\341\213\276\213\241}{chapter.3}% 36
\BOOKMARK [1][-]{section.3.6}{\376\377\165\065\156\220\173\241\164\006\174\373\176\337\213\276\213\241}{chapter.3}% 37
\BOOKMARK [1][-]{section.3.7}{\376\377\170\154\116\366\214\003\213\325}{chapter.3}% 38
\BOOKMARK [0][-]{chapter.4}{\376\377\174\373\176\337\217\157\116\366\213\276\213\241}{}% 39
\BOOKMARK [1][-]{section.4.1}{\376\377\217\157\116\366\137\000\123\321\163\257\130\203}{chapter.4}% 40
\BOOKMARK [1][-]{section.4.2}{\376\377\217\157\116\366\147\266\147\204\377\010\210\370\147\072\000/\000F\000r\000e\000e\000R\000T\000O\000S\123\314\152\041\137\017\377\011}{chapter.4}% 41
\BOOKMARK [1][-]{section.4.3}{\376\377\210\370\147\072\217\156\213\342\116\016\116\055\145\255\215\357\137\204}{chapter.4}% 42
\BOOKMARK [1][-]{section.4.4}{\376\377\136\225\134\102\232\161\122\250\137\000\123\321}{chapter.4}% 43
\BOOKMARK [1][-]{section.4.5}{\376\377\150\070\137\303\143\247\122\066\220\073\217\221}{chapter.4}% 44
\BOOKMARK [2][-]{subsection.4.5.1}{\376\377\225\350\171\201\232\214\213\301\220\073\217\221}{section.4.5}% 45
\BOOKMARK [2][-]{subsection.4.5.2}{\376\377\133\211\226\062\142\245\213\146\220\073\217\221}{section.4.5}% 46
\BOOKMARK [2][-]{subsection.4.5.3}{\376\377\163\257\130\203\166\321\155\113\116\016\200\124\122\250}{section.4.5}% 47
\BOOKMARK [2][-]{subsection.4.5.4}{\376\377\127\072\146\157\200\124\122\250\220\073\217\221}{section.4.5}% 48
\BOOKMARK [1][-]{section.4.6}{\376\377\116\062\123\343\116\016\000M\000Q\000T\000T\145\160\143\156\123\117\213\256\213\276\213\241}{chapter.4}% 49
\BOOKMARK [2][-]{subsection.4.6.1}{\376\377\136\047\150\074\137\017}{section.4.6}% 50
\BOOKMARK [2][-]{subsection.4.6.2}{\376\377\143\007\116\344\226\306}{section.4.6}% 51
\BOOKMARK [2][-]{subsection.4.6.3}{\376\377\150\041\232\214\116\016\133\271\225\031}{section.4.6}% 52
\BOOKMARK [1][-]{section.4.7}{\376\377\177\121\176\334\116\016\133\211\121\150\147\072\122\066}{chapter.4}% 53
\BOOKMARK [2][-]{subsection.4.7.1}{\376\377\000W\000i\000F\000i\000\040\000+\000\040\000M\000Q\000T\000T}{section.4.7}% 54
\BOOKMARK [2][-]{subsection.4.7.2}{\376\377\000A\000E\000S\000-\0001\0002\0008\122\240\133\306\133\130\120\250}{section.4.7}% 55
\BOOKMARK [2][-]{subsection.4.7.3}{\376\377\000T\000L\000S\117\040\217\223\122\240\133\306}{section.4.7}% 56
\BOOKMARK [0][-]{chapter.5}{\376\377\171\373\122\250\172\357\116\244\116\222\213\276\213\241}{}% 57
\BOOKMARK [1][-]{section.5.1}{\376\377\171\373\122\250\172\357\227\000\154\102\122\006\147\220}{chapter.5}% 58
\BOOKMARK [1][-]{section.5.2}{\376\377\171\373\122\250\172\357\140\073\117\123\147\266\147\204}{chapter.5}% 59
\BOOKMARK [1][-]{section.5.3}{\376\377\000U\000I\165\114\227\142\213\276\213\241}{chapter.5}% 60
\BOOKMARK [1][-]{section.5.4}{\376\377\220\032\117\341\152\041\127\127\377\010\000M\000Q\000T\000T\377\011}{chapter.5}% 61
\BOOKMARK [1][-]{section.5.5}{\376\377\150\070\137\303\122\237\200\375\133\236\163\260}{chapter.5}% 62
\BOOKMARK [2][-]{subsection.5.5.1}{\376\377\217\334\172\013\143\247\122\066}{section.5.5}% 63
\BOOKMARK [2][-]{subsection.5.5.2}{\376\377\162\266\140\001\166\321\143\247}{section.5.5}% 64
\BOOKMARK [2][-]{subsection.5.5.3}{\376\377\142\245\213\146\143\250\220\001}{section.5.5}% 65
\BOOKMARK [2][-]{subsection.5.5.4}{\376\377\123\206\123\362\147\345\213\342}{section.5.5}% 66
\BOOKMARK [0][-]{chapter.6}{\376\377\174\373\176\337\155\113\213\325\116\016\176\323\147\234\122\006\147\220}{}% 67
\BOOKMARK [1][-]{section.6.1}{\376\377\155\113\213\325\163\257\130\203\116\016\145\271\150\110}{chapter.6}% 68
\BOOKMARK [1][-]{section.6.2}{\376\377\123\125\121\103\122\237\200\375\155\113\213\325}{chapter.6}% 69
\BOOKMARK [1][-]{section.6.3}{\376\377\174\373\176\337\200\124\122\250\155\113\213\325}{chapter.6}% 70
\BOOKMARK [2][-]{subsection.6.3.1}{\376\377\225\350\171\201\200\124\122\250}{section.6.3}% 71
\BOOKMARK [2][-]{subsection.6.3.2}{\376\377\121\145\117\265\142\245\213\146}{section.6.3}% 72
\BOOKMARK [2][-]{subsection.6.3.3}{\376\377\161\303\154\024\136\224\140\045}{section.6.3}% 73
\BOOKMARK [2][-]{subsection.6.3.4}{\376\377\217\334\172\013\143\247\122\066}{section.6.3}% 74
\BOOKMARK [1][-]{section.6.4}{\376\377\140\047\200\375\143\007\150\007\155\113\213\325}{chapter.6}% 75
\BOOKMARK [2][-]{subsection.6.4.1}{\376\377\121\306\170\156\163\207\060\001\213\357\142\245\163\207}{section.6.4}% 76
\BOOKMARK [2][-]{subsection.6.4.2}{\376\377\124\315\136\224\136\366\217\337}{section.6.4}% 77
\BOOKMARK [2][-]{subsection.6.4.3}{\376\377\122\237\200\027}{section.6.4}% 78
\BOOKMARK [2][-]{subsection.6.4.4}{\376\377\126\376\120\317\117\040\217\223}{section.6.4}% 79
\BOOKMARK [1][-]{section.6.5}{\376\377\172\063\133\232\140\047\155\113\213\325}{chapter.6}% 80
\BOOKMARK [1][-]{section.6.6}{\376\377\155\113\213\325\176\323\213\272\116\016\117\030\123\026}{chapter.6}% 81
\BOOKMARK [0][-]{chapter.7}{\376\377\140\073\176\323\116\016\134\125\147\033}{}% 82
\BOOKMARK [1][-]{section.7.1}{\376\377\121\150\145\207\135\345\117\134\140\073\176\323}{chapter.7}% 83
\BOOKMARK [1][-]{section.7.2}{\376\377\122\033\145\260\160\271\116\016\117\030\122\277}{chapter.7}% 84
\BOOKMARK [1][-]{section.7.3}{\376\377\116\015\215\263\116\016\145\071\217\333\145\271\124\021}{chapter.7}% 85
\BOOKMARK [1][-]{section.7.4}{\376\377\147\052\147\145\134\125\147\033}{chapter.7}% 86
\BOOKMARK [0][-]{appendix.A}{\376\377\226\104\137\125\377\010\123\237\164\006\126\376\060\001\150\070\137\303\116\343\170\001\060\001\133\236\162\151\126\376\377\011}{}% 87
\BOOKMARK [1][-]{section.A.1}{\376\377\174\373\176\337\123\237\164\006\126\376}{appendix.A}% 88
\BOOKMARK [1][-]{section.A.2}{\376\377\150\070\137\303\116\343\170\001}{appendix.A}% 89
\BOOKMARK [1][-]{section.A.3}{\376\377\133\236\162\151\126\376}{appendix.A}% 90
